// Jest Snapshot v1, https://goo.gl/fbAQLP

exports[`<App /> renders correctly 1`] = `
<Layout__ContentWrapper>
  <Connect(SearchForm) />
  <Connect(Map) />
</Layout__ContentWrapper>
`;
